Testing SMC functions...
python.exe : Traceback (most recent call last):
At line:1 char:91
+ ... diction-Using-Machine-Learning" ;& python -u test_smc.py 2>&1 | tee t ...
+                                      ~~~~~~~~~~~~~~~~~~~~~~~~~~~~
    + CategoryInfo          : NotSpecified: (Traceback (most recent call last) 
   ::String) [], RemoteException
    + FullyQualifiedErrorId : NativeCommandError
 
  File "C:\Users\sachi\OneDrive\Desktop\stock\Stock-Price-Prediction-Using-Mach
ine-Learning\test_smc.py", line 20, in <module>
    print('\u2705 Signal:', signal.get('action'))
    ~~~~~^^^^^^^^^^^^^^^^^^^^^^^^^^^^^^^^^^^^
  File "C:\Python314\Lib\encodings\cp1252.py", line 19, in encode
    return codecs.charmap_encode(input,self.errors,encoding_table)[0]
           ~~~~~~~~~~~~~~~~~~~~~^^^^^^^^^^^^^^^^^^^^^^^^^^^^^^^^^^
UnicodeEncodeError: 'charmap' codec can't encode character '\u2705' in 
position 0: character maps to <undefined>
